
 Start  Stop   Length Name               Class

 00000H 02C5FH 02C60H _TEXT              CODE
 02C60H 032CFH 00670H _DATA              DATA
 032D0H 032D3H 00004H _EMUSEG            DATA
 032D4H 032D5H 00002H _CRTSEG            DATA
 032D6H 032D7H 00002H _CVTSEG            DATA
 032D8H 032DDH 00006H _SCNSEG            DATA
 032DEH 0338FH 000B2H _BSS               BSS
 03390H 03390H 00000H _BSSEND            STACK
 03390H 0340FH 00080H _STACK             STACK

Detailed map of segments

0000:0000 01FA C=CODE S=_TEXT G=(none) M=C0S ACBP=28
0000:01FA 090E C=CODE S=_TEXT G=(none) M=CSORT.C ACBP=28
0000:0B08 01E9 C=CODE S=_TEXT G=(none) M=FILESORT.C ACBP=28
0000:0CF1 003B C=CODE S=_TEXT G=(none) M=IOERROR ACBP=28
0000:0D2C 0030 C=CODE S=_TEXT G=(none) M=EXIT ACBP=28
0000:0D5C 0000 C=CODE S=_TEXT G=(none) M=HEAPLEN ACBP=28
0000:0D5C 00F1 C=CODE S=_TEXT G=(none) M=SETARGV ACBP=28
0000:0E4D 004A C=CODE S=_TEXT G=(none) M=SETENVP ACBP=28
0000:0E97 0000 C=CODE S=_TEXT G=(none) M=STKLEN ACBP=28
0000:0E97 0026 C=CODE S=_TEXT G=(none) M=ATEXIT ACBP=28
0000:0EBD 014D C=CODE S=_TEXT G=(none) M=MALLOC ACBP=28
0000:100A 0078 C=CODE S=_TEXT G=(none) M=BRK ACBP=28
0000:1082 0000 C=CODE S=_TEXT G=(none) M=CTYPE ACBP=28
0000:1082 0221 C=CODE S=_TEXT G=(none) M=FOPEN ACBP=28
0000:12A3 0178 C=CODE S=_TEXT G=(none) M=OPEN ACBP=28
0000:141B 0049 C=CODE S=_TEXT G=(none) M=OPENA ACBP=28
0000:1464 0000 C=CODE S=_TEXT G=(none) M=FILES ACBP=28
0000:1464 0000 C=CODE S=_TEXT G=(none) M=FILES2 ACBP=28
0000:1464 0000 C=CODE S=_TEXT G=(none) M=FMODE ACBP=28
0000:1464 010A C=CODE S=_TEXT G=(none) M=FSEEK ACBP=28
0000:156E 0197 C=CODE S=_TEXT G=(none) M=GETC ACBP=28
0000:1705 0029 C=CODE S=_TEXT G=(none) M=IOCTL ACBP=28
0000:172E 0018 C=CODE S=_TEXT G=(none) M=ISATTY ACBP=28
0000:1746 00D2 C=CODE S=_TEXT G=(none) M=SETVBUF ACBP=28
0000:1818 0080 C=CODE S=_TEXT G=(none) M=FCLOSE ACBP=28
0000:1898 002D C=CODE S=_TEXT G=(none) M=CLOSE ACBP=28
0000:18C5 0024 C=CODE S=_TEXT G=(none) M=CLOSEA ACBP=28
0000:18E9 001F C=CODE S=_TEXT G=(none) M=XFCLOSE ACBP=28
0000:1908 0021 C=CODE S=_TEXT G=(none) M=XFFLUSH ACBP=28
0000:1929 0164 C=CODE S=_TEXT G=(none) M=FREAD ACBP=28
0000:1A8D 00BC C=CODE S=_TEXT G=(none) M=READ ACBP=28
0000:1B49 001C C=CODE S=_TEXT G=(none) M=READA ACBP=28
0000:1B65 0078 C=CODE S=_TEXT G=(none) M=FWRITE ACBP=28
0000:1BDD 0113 C=CODE S=_TEXT G=(none) M=WRITE ACBP=28
0000:1CF0 0046 C=CODE S=_TEXT G=(none) M=WRITEA ACBP=28
0000:1D36 0039 C=CODE S=_TEXT G=(none) M=ACCESS ACBP=28
0000:1D6F 002B C=CODE S=_TEXT G=(none) M=LSEEK ACBP=28
0000:1D9A 00EB C=CODE S=_TEXT G=(none) M=LTOA ACBP=28
0000:1E85 0019 C=CODE S=_TEXT G=(none) M=LXMUL ACBP=28
0000:1E9E 007E C=CODE S=_TEXT G=(none) M=TMPNAM ACBP=28
0000:1F1C 0018 C=CODE S=_TEXT G=(none) M=UNLINK ACBP=28
0000:1F34 003C C=CODE S=_TEXT G=(none) M=STRCAT ACBP=28
0000:1F70 001D C=CODE S=_TEXT G=(none) M=STRLEN ACBP=28
0000:1F8D 0024 C=CODE S=_TEXT G=(none) M=STRCPY ACBP=28
0000:1FB1 0040 C=CODE S=_TEXT G=(none) M=MEMSET ACBP=28
0000:1FF1 005F C=CODE S=_TEXT G=(none) M=MOVMEM ACBP=28
0000:2050 001D C=CODE S=_TEXT G=(none) M=CHMODA ACBP=28
0000:206D 0021 C=CODE S=_TEXT G=(none) M=CVTFAK ACBP=28
0000:208E 006E C=CODE S=_TEXT G=(none) M=EOF ACBP=28
0000:20FC 007E C=CODE S=_TEXT G=(none) M=FFLUSH ACBP=28
0000:217A 0019 C=CODE S=_TEXT G=(none) M=PRINTF ACBP=28
0000:2193 0219 C=CODE S=_TEXT G=(none) M=PUTC ACBP=28
0000:23AC 0004 C=CODE S=_TEXT G=(none) M=REALCVT ACBP=28
0000:23B0 052C C=CODE S=_TEXT G=(none) M=VPRINTER ACBP=28
0000:28DC 013E C=CODE S=_TEXT G=(none) M=FREE ACBP=28
0000:2A1A 0080 C=CODE S=_TEXT G=(none) M=ATOL ACBP=28
0000:2A9A 0181 C=CODE S=_TEXT G=(none) M=QSORT ACBP=28
0000:2C1B 0045 C=CODE S=_TEXT G=(none) M=STRNICMP ACBP=28
02C6:0000 0194 C=DATA S=_DATA G=DGROUP M=C0S ACBP=68
02C6:0194 008C C=DATA S=_DATA G=DGROUP M=CSORT.C ACBP=48
02C6:0220 00BF C=DATA S=_DATA G=DGROUP M=FILESORT.C ACBP=48
02C6:02E0 005B C=DATA S=_DATA G=(none) M=IOERROR ACBP=48
02C6:033C 0006 C=DATA S=_DATA G=DGROUP M=EXIT ACBP=48
02C6:0342 0002 C=DATA S=_DATA G=DGROUP M=HEAPLEN ACBP=48
02C6:0344 0000 C=DATA S=_DATA G=DGROUP M=SETARGV ACBP=48
02C6:0344 0000 C=DATA S=_DATA G=DGROUP M=SETENVP ACBP=48
02C6:0344 0002 C=DATA S=_DATA G=DGROUP M=STKLEN ACBP=48
02C6:0346 0002 C=DATA S=_DATA G=DGROUP M=ATEXIT ACBP=48
02C6:0348 0000 C=DATA S=_DATA G=DGROUP M=MALLOC ACBP=48
02C6:0348 0000 C=DATA S=_DATA G=(none) M=BRK ACBP=48
02C6:0348 0101 C=DATA S=_DATA G=DGROUP M=CTYPE ACBP=48
02C6:044A 0000 C=DATA S=_DATA G=DGROUP M=FOPEN ACBP=48
02C6:044A 0000 C=DATA S=_DATA G=(none) M=OPEN ACBP=48
02C6:044A 0000 C=DATA S=_DATA G=(none) M=OPENA ACBP=48
02C6:044A 0140 C=DATA S=_DATA G=DGROUP M=FILES ACBP=48
02C6:058A 0028 C=DATA S=_DATA G=DGROUP M=FILES2 ACBP=48
02C6:05B2 0004 C=DATA S=_DATA G=DGROUP M=FMODE ACBP=48
02C6:05B6 0000 C=DATA S=_DATA G=DGROUP M=FSEEK ACBP=48
02C6:05B6 0000 C=DATA S=_DATA G=DGROUP M=GETC ACBP=48
02C6:05B6 0000 C=DATA S=_DATA G=(none) M=IOCTL ACBP=48
02C6:05B6 0000 C=DATA S=_DATA G=(none) M=ISATTY ACBP=48
02C6:05B6 0004 C=DATA S=_DATA G=DGROUP M=SETVBUF ACBP=48
02C6:05BA 0000 C=DATA S=_DATA G=DGROUP M=FCLOSE ACBP=48
02C6:05BA 0000 C=DATA S=_DATA G=DGROUP M=CLOSE ACBP=48
02C6:05BA 0000 C=DATA S=_DATA G=(none) M=CLOSEA ACBP=48
02C6:05BA 0000 C=DATA S=_DATA G=DGROUP M=XFCLOSE ACBP=48
02C6:05BA 0000 C=DATA S=_DATA G=DGROUP M=XFFLUSH ACBP=48
02C6:05BA 0000 C=DATA S=_DATA G=DGROUP M=FREAD ACBP=48
02C6:05BA 0000 C=DATA S=_DATA G=(none) M=READ ACBP=48
02C6:05BA 0000 C=DATA S=_DATA G=(none) M=READA ACBP=48
02C6:05BA 0000 C=DATA S=_DATA G=DGROUP M=FWRITE ACBP=48
02C6:05BA 0000 C=DATA S=_DATA G=DGROUP M=WRITE ACBP=48
02C6:05BA 0000 C=DATA S=_DATA G=(none) M=WRITEA ACBP=48
02C6:05BA 0000 C=DATA S=_DATA G=DGROUP M=ACCESS ACBP=48
02C6:05BA 0000 C=DATA S=_DATA G=(none) M=LSEEK ACBP=48
02C6:05BA 0000 C=DATA S=_DATA G=(none) M=LTOA ACBP=48
02C6:05BA 0009 C=DATA S=_DATA G=DGROUP M=TMPNAM ACBP=48
02C6:05C4 0000 C=DATA S=_DATA G=(none) M=UNLINK ACBP=48
02C6:05C4 0000 C=DATA S=_DATA G=(none) M=STRCAT ACBP=48
02C6:05C4 0000 C=DATA S=_DATA G=(none) M=STRLEN ACBP=48
02C6:05C4 0000 C=DATA S=_DATA G=(none) M=STRCPY ACBP=48
02C6:05C4 0000 C=DATA S=_DATA G=(none) M=MEMSET ACBP=48
02C6:05C4 0000 C=DATA S=_DATA G=DGROUP M=MOVMEM ACBP=48
02C6:05C4 0000 C=DATA S=_DATA G=(none) M=CHMODA ACBP=48
02C6:05C4 0031 C=DATA S=_DATA G=DGROUP M=CVTFAK ACBP=48
02C6:05F6 0000 C=DATA S=_DATA G=(none) M=EOF ACBP=48
02C6:05F6 0000 C=DATA S=_DATA G=DGROUP M=FFLUSH ACBP=48
02C6:05F6 0000 C=DATA S=_DATA G=DGROUP M=PRINTF ACBP=48
02C6:05F6 0001 C=DATA S=_DATA G=DGROUP M=PUTC ACBP=48
02C6:05F8 0077 C=DATA S=_DATA G=DGROUP M=VPRINTER ACBP=48
02C6:0670 0000 C=DATA S=_DATA G=DGROUP M=FREE ACBP=48
02C6:0670 0000 C=DATA S=_DATA G=(none) M=ATOL ACBP=48
02C6:0670 0000 C=DATA S=_DATA G=(none) M=QSORT ACBP=48
02C6:0670 0000 C=DATA S=_DATA G=(none) M=STRNICMP ACBP=48
032D:0000 0004 C=DATA S=_EMUSEG G=DGROUP M=C0S ACBP=58
032D:0004 0002 C=DATA S=_CRTSEG G=DGROUP M=C0S ACBP=58
032D:0006 0000 C=DATA S=_CVTSEG G=DGROUP M=C0S ACBP=48
032D:0006 0002 C=DATA S=_CVTSEG G=(none) M=CVTFAK ACBP=48
032D:0008 0000 C=DATA S=_CVTSEG G=DGROUP M=REALCVT ACBP=48
032D:0008 0000 C=DATA S=_SCNSEG G=DGROUP M=C0S ACBP=48
032D:0008 0006 C=DATA S=_SCNSEG G=(none) M=CVTFAK ACBP=48
032D:000E 0000 C=BSS S=_BSS G=DGROUP M=C0S ACBP=48
032D:000E 003C C=BSS S=_BSS G=DGROUP M=CSORT.C ACBP=48
032D:004A 001B C=BSS S=_BSS G=DGROUP M=FILESORT.C ACBP=48
032D:0066 0000 C=BSS S=_BSS G=DGROUP M=IOERROR ACBP=48
032D:0066 0000 C=BSS S=_BSS G=DGROUP M=EXIT ACBP=48
032D:0066 0000 C=BSS S=_BSS G=DGROUP M=HEAPLEN ACBP=48
032D:0066 0000 C=BSS S=_BSS G=DGROUP M=STKLEN ACBP=48
032D:0066 0040 C=BSS S=_BSS G=DGROUP M=ATEXIT ACBP=48
032D:00A6 0006 C=BSS S=_BSS G=DGROUP M=MALLOC ACBP=48
032D:00AC 0000 C=BSS S=_BSS G=DGROUP M=BRK ACBP=48
032D:00AC 0000 C=BSS S=_BSS G=DGROUP M=CTYPE ACBP=48
032D:00AC 0000 C=BSS S=_BSS G=DGROUP M=FOPEN ACBP=48
032D:00AC 0000 C=BSS S=_BSS G=DGROUP M=OPEN ACBP=48
032D:00AC 0000 C=BSS S=_BSS G=DGROUP M=OPENA ACBP=48
032D:00AC 0000 C=BSS S=_BSS G=DGROUP M=FILES ACBP=48
032D:00AC 0000 C=BSS S=_BSS G=DGROUP M=FILES2 ACBP=48
032D:00AC 0000 C=BSS S=_BSS G=DGROUP M=FMODE ACBP=48
032D:00AC 0000 C=BSS S=_BSS G=DGROUP M=FSEEK ACBP=48
032D:00AC 0000 C=BSS S=_BSS G=DGROUP M=GETC ACBP=48
032D:00AC 0000 C=BSS S=_BSS G=DGROUP M=IOCTL ACBP=48
032D:00AC 0000 C=BSS S=_BSS G=DGROUP M=ISATTY ACBP=48
032D:00AC 0000 C=BSS S=_BSS G=DGROUP M=SETVBUF ACBP=48
032D:00AC 0000 C=BSS S=_BSS G=DGROUP M=FCLOSE ACBP=48
032D:00AC 0000 C=BSS S=_BSS G=DGROUP M=CLOSE ACBP=48
032D:00AC 0000 C=BSS S=_BSS G=DGROUP M=CLOSEA ACBP=48
032D:00AC 0000 C=BSS S=_BSS G=DGROUP M=XFCLOSE ACBP=48
032D:00AC 0000 C=BSS S=_BSS G=DGROUP M=XFFLUSH ACBP=48
032D:00AC 0000 C=BSS S=_BSS G=DGROUP M=FREAD ACBP=48
032D:00AC 0000 C=BSS S=_BSS G=DGROUP M=READ ACBP=48
032D:00AC 0000 C=BSS S=_BSS G=DGROUP M=READA ACBP=48
032D:00AC 0000 C=BSS S=_BSS G=DGROUP M=FWRITE ACBP=48
032D:00AC 0000 C=BSS S=_BSS G=DGROUP M=WRITE ACBP=48
032D:00AC 0000 C=BSS S=_BSS G=DGROUP M=WRITEA ACBP=48
032D:00AC 0000 C=BSS S=_BSS G=DGROUP M=ACCESS ACBP=48
032D:00AC 0000 C=BSS S=_BSS G=DGROUP M=LSEEK ACBP=48
032D:00AC 0000 C=BSS S=_BSS G=DGROUP M=LTOA ACBP=48
032D:00AC 000F C=BSS S=_BSS G=DGROUP M=TMPNAM ACBP=48
032D:00BC 0000 C=BSS S=_BSS G=DGROUP M=UNLINK ACBP=48
032D:00BC 0000 C=BSS S=_BSS G=DGROUP M=STRCAT ACBP=48
032D:00BC 0000 C=BSS S=_BSS G=DGROUP M=STRLEN ACBP=48
032D:00BC 0000 C=BSS S=_BSS G=DGROUP M=STRCPY ACBP=48
032D:00BC 0000 C=BSS S=_BSS G=DGROUP M=MEMSET ACBP=48
032D:00BC 0000 C=BSS S=_BSS G=DGROUP M=MOVMEM ACBP=48
032D:00BC 0000 C=BSS S=_BSS G=DGROUP M=CHMODA ACBP=48
032D:00BC 0000 C=BSS S=_BSS G=DGROUP M=EOF ACBP=48
032D:00BC 0000 C=BSS S=_BSS G=DGROUP M=FFLUSH ACBP=48
032D:00BC 0000 C=BSS S=_BSS G=DGROUP M=PRINTF ACBP=48
032D:00BC 0000 C=BSS S=_BSS G=DGROUP M=PUTC ACBP=48
032D:00BC 0000 C=BSS S=_BSS G=DGROUP M=VPRINTER ACBP=48
032D:00BC 0000 C=BSS S=_BSS G=DGROUP M=FREE ACBP=48
032D:00BC 0000 C=BSS S=_BSS G=DGROUP M=ATOL ACBP=48
032D:00BC 0004 C=BSS S=_BSS G=DGROUP M=QSORT ACBP=48
032D:00C0 0000 C=BSS S=_BSS G=DGROUP M=STRNICMP ACBP=48
0339:0000 0000 C=STACK S=_BSSEND G=DGROUP M=C0S ACBP=28
0339:0000 0080 C=STACK S=_STACK G=(none) M=C0S ACBP=74

  Address         Publics by Name

 0000:01F8       DGROUP@
 02C6:0188       emws_adjust
 02C6:018C       emws_BPsafe
 02C6:0184       emws_control
 02C6:018A       emws_fixSeg
 02C6:016E       emws_initialSP
 02C6:00AE       emws_limitSP
 02C6:017E       emws_nmiVector
 02C6:017A       emws_saveVector
 02C6:018E       emws_stamp
 02C6:0182       emws_status
 02C6:0186       emws_TOS
 02C6:0192       emws_version
 0000:1E85       LXMUL@
 0000:01E2       _abort
 0000:1D36       _access
 0000:0E97       _atexit
 0000:2A8C       _atoi
 0000:2A1A       _atol
 0000:1062       _brk
 0000:1898       _close
 02C6:0088       _environ
 0000:208E       _eof
 02C6:0094       _errno
 0000:0D2D       _exit
 0000:1818       _fclose
 0000:1275       _fdopen
 0000:20FC       _fflush
 0000:1605       _fgetc
 0000:16FA       _fgetchar
 0000:122B       _fopen
 0000:21AC       _fputc
 0000:22DC       _fputchar
 0000:1A16       _fread
 0000:29F3       _free
 0000:124F       _freopen
 0000:14AB       _fseek
 0000:150F       _ftell
 0000:1B65       _fwrite
 0000:01FA       _init_sort
 0000:1705       _ioctl
 0000:172E       _isatty
 0000:1E19       _itoa
 0000:1D6F       _lseek
 0000:1E5E       _ltoa
 0000:0B08       _main
 0000:0F9C       _malloc
 0000:203A       _memmove
 0000:1FD9       _memset
 0000:1FF1       _movmem
 0000:12D2       _open
 0000:217A       _printf
 0000:2BFB       _qsort
 0000:1A8D       _read
 0000:1070       _sbrk
 0000:1FB1       _setmem
 0000:1746       _setvbuf
 0000:025D       _sort
 0000:0711       _sort_op
 0000:09B2       _sort_stats
 0000:1F34       _strcat
 0000:1F8D       _strcpy
 0000:1F70       _strlen
 0000:2C1B       _strnicmp
 0000:1EE3       _tmpnam
 0000:1E42       _ultoa
 0000:1F1C       _unlink
 0000:1BDD       _write
 02C6:0096       __8087
 02C6:0084       __argc
 02C6:0086       __argv
 02C6:0346       __atexitcnt
 02C6:06D6       __atexittbl
 02C6:00A6       __brklvl
 0000:2050       __chmod
 0000:18C5       __close
 02C6:0348       __ctype
 0000:0000  Abs  __cvtfak
 02C6:02E0       __doserrno
 02C6:02E2       __dosErrorToSV
 02C6:008A       __envLng
 02C6:008C       __envseg
 02C6:008E       __envSize
 0000:0121       __exit
 02C6:033C       __exitbuf
 02C6:033E       __exitfopen
 02C6:0340       __exitopen
 0000:15F2       __fgetc
 02C6:05B2       __fmode
 0000:2193       __fputc
 0000:22F2       __FPUTN
 02C6:00A2       __heapbase
 02C6:0342       __heaplen
 02C6:00AA       __heaptop
 02C6:0074       __Int0Vector
 02C6:0078       __Int4Vector
 02C6:007C       __Int5Vector
 02C6:0080       __Int6Vector
 0000:0CF1       __IOERROR
 0000:1D9A       __LONGTOA
 0000:1E9E       __MKNAME
 02C6:05B4       __notUmask
 0000:141B       __open
 02C6:058A       __openfd
 02C6:0092       __osmajor
 02C6:0093       __osminor
 02C6:0090       __psp
 0000:1B49       __read
 0000:23AC       __REALCVT
 02C6:0676       __RealCvtVector
 0000:01A5       __restorezero
 02C6:0678       __ScanTodVector
 0000:0D62       __setargv
 0000:0E4D       __setenvp
 02C6:0098       __StartTime
 02C6:05B6       __stdinStarted
 02C6:05B8       __stdoutStarted
 02C6:0344       __stklen
 02C6:044A       __streams
 02C6:071C       __tmpnum
 02C6:0092       __version
 0000:23DB       __VPRINTER
 0000:1CF0       __write
 0000:18E9       __xfclose
 0000:1908       __xfflush
 0000:100A       ___brk
 02C6:009E       ___brklvl
 02C6:071A       ___first
 02C6:009C       ___heapbase
 02C6:00A0       ___heaptop
 02C6:0716       ___last
 0000:0EBD       ___pull_free_block
 02C6:0718       ___rover
 0000:102E       ___sbrk

  Address         Publics by Value

 0000:0000  Abs  __cvtfak
 0000:0121       __exit
 0000:01A5       __restorezero
 0000:01E2       _abort
 0000:01F8       DGROUP@
 0000:01FA       _init_sort
 0000:025D       _sort
 0000:0711       _sort_op
 0000:09B2       _sort_stats
 0000:0B08       _main
 0000:0CF1       __IOERROR
 0000:0D2D       _exit
 0000:0D62       __setargv
 0000:0E4D       __setenvp
 0000:0E97       _atexit
 0000:0EBD       ___pull_free_block
 0000:0F9C       _malloc
 0000:100A       ___brk
 0000:102E       ___sbrk
 0000:1062       _brk
 0000:1070       _sbrk
 0000:122B       _fopen
 0000:124F       _freopen
 0000:1275       _fdopen
 0000:12D2       _open
 0000:141B       __open
 0000:14AB       _fseek
 0000:150F       _ftell
 0000:15F2       __fgetc
 0000:1605       _fgetc
 0000:16FA       _fgetchar
 0000:1705       _ioctl
 0000:172E       _isatty
 0000:1746       _setvbuf
 0000:1818       _fclose
 0000:1898       _close
 0000:18C5       __close
 0000:18E9       __xfclose
 0000:1908       __xfflush
 0000:1A16       _fread
 0000:1A8D       _read
 0000:1B49       __read
 0000:1B65       _fwrite
 0000:1BDD       _write
 0000:1CF0       __write
 0000:1D36       _access
 0000:1D6F       _lseek
 0000:1D9A       __LONGTOA
 0000:1E19       _itoa
 0000:1E42       _ultoa
 0000:1E5E       _ltoa
 0000:1E85       LXMUL@
 0000:1E9E       __MKNAME
 0000:1EE3       _tmpnam
 0000:1F1C       _unlink
 0000:1F34       _strcat
 0000:1F70       _strlen
 0000:1F8D       _strcpy
 0000:1FB1       _setmem
 0000:1FD9       _memset
 0000:1FF1       _movmem
 0000:203A       _memmove
 0000:2050       __chmod
 0000:208E       _eof
 0000:20FC       _fflush
 0000:217A       _printf
 0000:2193       __fputc
 0000:21AC       _fputc
 0000:22DC       _fputchar
 0000:22F2       __FPUTN
 0000:23AC       __REALCVT
 0000:23DB       __VPRINTER
 0000:29F3       _free
 0000:2A1A       _atol
 0000:2A8C       _atoi
 0000:2BFB       _qsort
 0000:2C1B       _strnicmp
 02C6:0074       __Int0Vector
 02C6:0078       __Int4Vector
 02C6:007C       __Int5Vector
 02C6:0080       __Int6Vector
 02C6:0084       __argc
 02C6:0086       __argv
 02C6:0088       _environ
 02C6:008A       __envLng
 02C6:008C       __envseg
 02C6:008E       __envSize
 02C6:0090       __psp
 02C6:0092       __version
 02C6:0092       __osmajor
 02C6:0093       __osminor
 02C6:0094       _errno
 02C6:0096       __8087
 02C6:0098       __StartTime
 02C6:009C       ___heapbase
 02C6:009E       ___brklvl
 02C6:00A0       ___heaptop
 02C6:00A2       __heapbase
 02C6:00A6       __brklvl
 02C6:00AA       __heaptop
 02C6:00AE       emws_limitSP
 02C6:016E       emws_initialSP
 02C6:017A       emws_saveVector
 02C6:017E       emws_nmiVector
 02C6:0182       emws_status
 02C6:0184       emws_control
 02C6:0186       emws_TOS
 02C6:0188       emws_adjust
 02C6:018A       emws_fixSeg
 02C6:018C       emws_BPsafe
 02C6:018E       emws_stamp
 02C6:0192       emws_version
 02C6:02E0       __doserrno
 02C6:02E2       __dosErrorToSV
 02C6:033C       __exitbuf
 02C6:033E       __exitfopen
 02C6:0340       __exitopen
 02C6:0342       __heaplen
 02C6:0344       __stklen
 02C6:0346       __atexitcnt
 02C6:0348       __ctype
 02C6:044A       __streams
 02C6:058A       __openfd
 02C6:05B2       __fmode
 02C6:05B4       __notUmask
 02C6:05B6       __stdinStarted
 02C6:05B8       __stdoutStarted
 02C6:0676       __RealCvtVector
 02C6:0678       __ScanTodVector
 02C6:06D6       __atexittbl
 02C6:0716       ___last
 02C6:0718       ___rover
 02C6:071A       ___first
 02C6:071C       __tmpnum

Program entry point at 0000:0000

